../Core/Src/main.c:142:6:HAL_UART_RxCpltCallback	24	static
../Core/Src/main.c:173:6:gsm_send_at_command	16	static
../Core/Src/main.c:188:6:init_gsm_module	8	static
../Core/Src/main.c:205:6:meke_call_to_me	8	static
../Core/Src/main.c:215:6:send_sms_to_me	112	static
../Core/Src/main.c:304:6:send_sms_with_location	4	static
../Core/Src/main.c:346:5:main	8	static
../Core/Src/main.c:446:6:SystemClock_Config	72	static
../Core/Src/main.c:486:13:MX_USART1_UART_Init	8	static
../Core/Src/main.c:519:13:MX_GPIO_Init	40	static
../Core/Src/main.c:551:6:StartDefaultTask	16	static
../Core/Src/main.c:570:6:Start_gsm_task	16	static
../Core/Src/main.c:607:6:StartParsingGSMCom	80	static
../Core/Src/main.c:645:6:StartResoursesMonitor	16	static
../Core/Src/main.c:669:6:HAL_TIM_PeriodElapsedCallback	16	static
../Core/Src/main.c:686:6:Error_Handler	4	static,ignoring_inline_asm
