../Core/Src/main.c:116:6:HAL_UART_RxCpltCallback	32	static
../Core/Src/main.c:211:6:gsm_send_at_command	16	static
../Core/Src/main.c:217:6:init_gsm_module	4	static
../Core/Src/main.c:223:6:meke_call_to_me	4	static
../Core/Src/main.c:228:6:send_sme_to_me	4	static
../Core/Src/main.c:233:6:send_sms_with_location	4	static
../Core/Src/main.c:275:5:main	8	static
../Core/Src/main.c:375:6:SystemClock_Config	72	static
../Core/Src/main.c:415:13:MX_USART1_UART_Init	8	static
../Core/Src/main.c:448:13:MX_GPIO_Init	40	static
../Core/Src/main.c:480:6:StartDefaultTask	16	static
../Core/Src/main.c:499:6:Start_gsm_task	168	static
../Core/Src/main.c:590:6:StartParsingGSMCom	88	static
../Core/Src/main.c:626:6:StartResoursesMonitor	16	static
../Core/Src/main.c:645:6:HAL_TIM_PeriodElapsedCallback	16	static
../Core/Src/main.c:662:6:Error_Handler	4	static,ignoring_inline_asm
